V3 4
FL "C:/Users/Andrea Valitutto/Desktop/Esame FINALE LIcciardo/Progetto/Controller.vhd" 2018/02/11.15:39:33 P.20131013
EN work/Controller 1518783320 \
      FL "C:/Users/Andrea Valitutto/Desktop/Esame FINALE LIcciardo/Progetto/Controller.vhd" \
      PB ieee/std_logic_1164 1381692176
AR work/Controller/Behavioral 1518783321 \
      FL "C:/Users/Andrea Valitutto/Desktop/Esame FINALE LIcciardo/Progetto/Controller.vhd" \
      EN work/Controller 1518783320
FL "C:/Users/Andrea Valitutto/Downloads/EsameOK-20180207T103503Z-001/EsameOK/Controller.vhd" 2018/02/07.02:32:24 P.20131013
